// Jest Snapshot v1, https://goo.gl/fbAQLP

exports[`<Rating /> spec renders without problems 1`] = `
<div>
  <div
    class="sc-AxirZ jKLVTp"
  >
    <span
      aria-label="star"
      class="sc-AxjAm fiNLJi"
      role="img"
    >
      ★
    </span>
  </div>
</div>
`;

exports[`<Rating /> spec should render 5 stars 1`] = `
<div>
  <div
    class="sc-AxirZ jKLVTp"
  >
    <span
      aria-label="star"
      class="sc-AxjAm fiNLJi"
      role="img"
    >
      ★
    </span>
  </div>
</div>
`;
